
> temp_app@0.1.0 build
> next build

node.exe :  ΓÜá `eslint` 
configuration in next.config.ts is 
no longer supported. See more info 
here: https://nextjs.org/docs/app/a
pi-reference/cli/next#next-lint-opt
ions
At line:1 char:1
+ & "C:\Program 
Files\nodejs/node.exe" "C:\Program 
Files\nodejs/node_mo ...
+ ~~~~~~~~~~~~~~~~~~~~~~~~~~~~~~~~~
~~~~~~~~~~~~~~~~~~~~~~~~~~~~~~~~~~~
~
    + CategoryInfo          : NotS 
   pecified: ( ΓÜá `eslint` c...x  
  t-lint-options:String) [], Rem   
 oteException
    + FullyQualifiedErrorId : Nati 
   veCommandError
 
 ΓÜá Invalid next.config.ts 
options detected: 
 ΓÜá     Unrecognized key(s) in 
object: 'eslint'
 ΓÜá See more info here: https://ne
xtjs.org/docs/messages/invalid-next
-config
 ΓÜá Warning: Next.js inferred 
your workspace root, but it may 
not be correct.
 We detected multiple lockfiles 
and selected the directory of 
C:\Users\dell\package-lock.json as 
the root directory.
 To silence this warning, set 
`turbopack.root` in your Next.js 
config, or consider removing one 
of the lockfiles if it's not 
needed.
   See https://nextjs.org/docs/app/
api-reference/config/next-config-js
/turbopack#root-directory for more 
information.
 Detected additional lockfiles: 
   * C:\Users\dell\.gemini\antigrav
ity\scratch\fat-style-marketplace\p
ackage-lock.json

   Γû▓ Next.js 16.0.3 (Turbopack)

   Creating an optimized production build ...
 Γ£ô Compiled successfully in 8.4s
   Running TypeScript ...
Failed to compile.

./next.config.ts:4:3
Type error: Object literal may 
only specify known properties, and 
'eslint' does not exist in type 
'NextConfig'.

[0m [90m 2 |[39m
 [90m 3 |[39m [36mconst[39m 
nextConfig[33m:[39m 
[33mNextConfig[39m [33m=[39m {
[31m[1m>[22m[39m[90m 4 |[39m 
  eslint[33m:[39m {
 [90m   |[39m   
[31m[1m^[22m[39m
 [90m 5 |[39m     
ignoreDuringBuilds[33m:[39m 
[36mtrue[39m[33m,[39m
 [90m 6 |[39m   }[33m,[39m
 [90m 7 |[39m }[33m;[39m[0m
Next.js build worker exited with 
code: 1 and signal: null
